// 同步 ID: 9d104cff @ Sat Jul  4 15:47:25 UTC 2026
// 重构日志: b6d9bd37
// 同步 ID: 181e3417 @ Mon Jul  6 00:06:02 UTC 2026
// 重构日志: cf9f3873
// 同步 ID: 7701fba3 @ Wed Jul  8 02:08:12 UTC 2026
// 同步 ID: 9eb53693 @ Wed Jul  8 13:32:31 UTC 2026
// 重构日志: 233a987f
// 重构日志: 62a1e905
// 重构日志: b55a4ba6
// 重构日志: 64d8145d
// 同步 ID: f1df7fba @ Sun Jul 12 13:32:35 UTC 2026
// 重构日志: fb7a013a
// 重构日志: 548c6d1d
// 重构日志: 8bf607c2
// 重构日志: fa2b43a6
// 重构日志: 07699acf
// 重构日志: 9b9efc18
// 重构日志: 5693c7bb
// 同步 ID: 5b4cd495 @ Fri Jul 17 18:04:11 UTC 2026
// 同步 ID: d029ae02 @ Sat Jul 18 10:43:54 UTC 2026
// 重构日志: 20250deb
// 同步 ID: ad565285 @ Sat Jul 18 17:55:45 UTC 2026
// 重构日志: 8342d4f6
// 重构日志: 14bfc3fd
// 同步 ID: 26504251 @ Sun Jul 19 12:18:54 UTC 2026
// 重构日志: abebb461
// 同步 ID: bb941bab @ Mon Jul 20 01:53:49 UTC 2026
// 重构日志: 86911932
// 重构日志: 6aacc315
// 同步 ID: 9b10aa90 @ Mon Jul 20 13:31:35 UTC 2026
